<html>
<body>
<pre>
<h1>µVision Build Log</h1>
<h2>Project:</h2>
C:\Users\Já\Downloads\Demo_Led_blik4_Simul_Keil_4_F100\Demo_Led_blik4\LED_BLIK.uvproj
Project File Date:  09/21/2020

<h2>Output:</h2>
Build target 'STM32F1xx'
assembling Blik1.asm...
linking...
Program Size: Code=260 RO-data=236 RW-data=0 ZI-data=512  
FromELF: creating hex file...
".\Blik1.axf" - 0 Error(s), 0 Warning(s).
</pre>
</body>
</html>
e...
".\Blik1.axf" - 0 Error(s), 1 Warning(s).
gh information to list image symbols.
Finished: 1 information, 1 warning and 1 error messages.
".\Blik1.axf" - 1 Error(s), 1 Warning(s).
Target not created
