<html>
<body>
<pre>
<h1>µVision Build Log</h1>
<h2>Project:</h2>
C:\Users\Já\source\repos\NVS\StaircaseAutomat\LED_TLC.uvproj
Project File Date:  10/12/2020

<h2>Output:</h2>
Build target 'STM32F1xx'
assembling LED_TLC.asm...
linking...
Program Size: Code=2292 RO-data=236 RW-data=0 ZI-data=632  
".\StaircaseAutomat.axf" - 0 Error(s), 0 Warning(s).
Load "C:\\Users\\Já\\source\\repos\\NVS\\StaircaseAutomat\\StaircaseAutomat.axf" 
Erase Done.
Programming Done.
Verify OK.
nal
LED_TLC.asm(342): error: A1516E: Bad symbol 'stringSaveLen', not defined or external
".\StaircaseAutomat.axf" - 4 Error(s), 0 Warning(s).
Target not created
ircaseAutomat\StaircaseAutomat.axf'
.
eAutomat.axf" 
Erase Done.
Programming Done.
Verify OK.
l
LED_TLC.asm(459): error: A1516E: Bad symbol 'update7segment', not defined or external
LED_TLC.asm(486): error: A1516E: Bad symbol 'update7segment', not defined or external
LED_TLC.asm(496): error: A1516E: Bad symbol 'update7segment', not defined or external
LED_TLC.asm(515): warning: A1581W: Added 2 bytes of padding at address 0x32a
assembling GPIO.s...
".\StaircaseAutomat.axf" - 9 Error(s), 1 Warning(s).
Target not created
