<html>
<body>
<pre>
<h1>µVision Build Log</h1>
<h2>Project:</h2>
C:\Users\Já\source\repos\NVS\StaircaseAutomat\LED_TLC.uvproj
Project File Date:  10/12/2020

<h2>Output:</h2>
Build target 'STM32F1xx'
assembling LED_TLC.asm...
LED_TLC.asm(678): warning: A1581W: Added 2 bytes of padding at address 0x3f2
LED_TLC.asm(893): warning: A1581W: Added 2 bytes of padding at address 0x5e6
linking...
Program Size: Code=2480 RO-data=236 RW-data=0 ZI-data=632  
".\StaircaseAutomat.axf" - 0 Error(s), 2 Warning(s).
</pre>
</body>
</html>
O-data=236 RW-data=0 ZI-data=632  
".\StaircaseAutomat.axf" - 0 Error(s), 3 Warning(s).
