<html>
<body>
<pre>
<h1>µVision Build Log</h1>
<h2>Project:</h2>
C:\Users\Já\source\repos\NVS\StaircaseAutomat\LED_TLC.uvproj
Project File Date:  10/12/2020

<h2>Output:</h2>
Build target 'STM32F1xx'
assembling LED_TLC.asm...
linking...
Program Size: Code=964 RO-data=236 RW-data=0 ZI-data=544  
".\StaircaseAutomat.axf" - 0 Error(s), 0 Warning(s).
Load "C:\\Users\\Já\\source\\repos\\NVS\\StaircaseAutomat\\StaircaseAutomat.axf" 
Erase Done.
Programming Done.
Verify OK.
eAutomat\\StaircaseAutomat.axf" 
Erase Done.
Programming Done.
Verify OK.
56: cannot open file
Error: Flash Download failed  -  Could not load file 'C:\Users\Já\source\repos\NVS\StaircaseAutomat\StaircaseAutomat.axf'
Load "C:\\Users\\Já\\source\\repos\\NVS\\StaircaseAutomat\\StaircaseAutomat.axf" 
_____^
*** error 56: cannot open file
Error: Flash Download failed  -  Could not load file 'C:\Users\Já\source\repos\NVS\StaircaseAutomat\StaircaseAutomat.axf'
