<html>
<body>
<pre>
<h1>µVision Build Log</h1>
<h2>Project:</h2>
C:\Users\Já\source\repos\NVS\StaircaseAutomat\LED_TLC.uvproj
Project File Date:  10/12/2020

<h2>Output:</h2>
Build target 'STM32F1xx'
assembling LED_TLC.asm...
LED_TLC.asm(497): warning: A1581W: Added 2 bytes of padding at address 0x30e
linking...
Program Size: Code=1548 RO-data=236 RW-data=0 ZI-data=600  
".\StaircaseAutomat.axf" - 0 Error(s), 1 Warning(s).
Load "C:\\Users\\Já\\source\\repos\\NVS\\StaircaseAutomat\\StaircaseAutomat.axf" 
Erase Done.
Programming Done.
Verify OK.
 file 'C:\Users\Já\source\repos\NVS\StaircaseAutomat\StaircaseAutomat.axf'
\\NVS\\StaircaseAutomat\\StaircaseAutomat.axf" 
Erase Done.
Programming Done.
Verify OK.

Programming Done.
Verify OK.
\StaircaseAutomat.axf" 
_____^
*** error 56: cannot open file
Error: Flash Download failed  -  Could not load file 'C:\Users\Já\source\repos\NVS\StaircaseAutomat\StaircaseAutomat.axf'
