<html>
<body>
<pre>
<h1>µVision Build Log</h1>
<h2>Project:</h2>
C:\Users\Já\source\repos\NVS\StaircaseAutomat\LED_TLC.uvproj
Project File Date:  10/13/2020

<h2>Output:</h2>
Build target 'STM32F1xx'
assembling GPIO.s...
linking...
Program Size: Code=752 RO-data=236 RW-data=0 ZI-data=540  
".\StaircaseAutomat.axf" - 0 Error(s), 0 Warning(s).
Load "C:\\Users\\Já\\source\\repos\\NVS\\StaircaseAutomat\\StaircaseAutomat.axf" 
Erase Done.
Programming Done.
Verify OK.
OK.
Automat\\StaircaseAutomat.axf" 
Erase Done.
Programming Done.
Verify OK.
Load "C:\\Users\\Já\\source\\repos\\NVS\\StaircaseAutomat\\StaircaseAutomat.axf" 
Erase Done.
Programming Done.
Verify OK.
